================================================================================
NIFTY 100 RATIO ENGINE — EDGE CASES & QA AUDIT LOG
Generated: 2026-08-26 05:43:22
Categories: [DATA_SOURCE_ISSUE] | [VERSION_DIFFERENCE] | [FORMULA_DISCREPANCY] | [FINANCIALS_CARVE_OUT]
================================================================================

[VERSION_DIFFERENCE] ADANIENT (2024-03) ROE Discrepancy: Computed=8.53%, Source=13.64%, Diff=5.11%. Using Ratio Engine value for analytics; source retained for display only.
[DATA_SOURCE_ISSUE] ADANIGREEN (2024-03) ROCE Discrepancy: Computed=11.49%, Source=96.50%, Diff=85.01%. Stale snapshot or standalone vs consolidated reporting mismatch in source.
[VERSION_DIFFERENCE] ADANIPOWER (2024-03) ROE Discrepancy: Computed=48.28%, Source=57.10%, Diff=8.82%. Using Ratio Engine value for analytics; source retained for display only.
[FORMULA_DISCREPANCY] AMBUJACEM (2024-03) ROCE Discrepancy: Computed=18.51%, Source=12.80%, Diff=5.71%. Capital Employed calculation definition difference (Gross vs Net Capital Employed).
[FINANCIALS_CARVE_OUT] AXISBANK (2024-03): D/E = 8.25. Standard leverage warning suppressed. High debt/leverage is structurally normal for Financials/Banking.
[FINANCIALS_CARVE_OUT] BAJAJFINSV (2024-03): D/E = 4.79. Standard leverage warning suppressed. High debt/leverage is structurally normal for Financials/Banking.
[FINANCIALS_CARVE_OUT] BAJAJFINSV (2024-03) ROCE Discrepancy: Computed=11.71%, Source=21.14%, Diff=9.43%. ROCE definitions diverge for banks/NBFCs due to deposit vs borrowing classification differences.
[VERSION_DIFFERENCE] BAJAJFINSV (2024-03) ROE Discrepancy: Computed=25.85%, Source=11.72%, Diff=14.13%. Using Ratio Engine value for analytics; source retained for display only.
[FINANCIALS_CARVE_OUT] BAJAJHLDNG (2024-03): D/E = 0.00. Standard leverage warning suppressed. High debt/leverage is structurally normal for Financials/Banking.
[FINANCIALS_CARVE_OUT] BAJFINANCE (2024-03): D/E = 3.82. Standard leverage warning suppressed. High debt/leverage is structurally normal for Financials/Banking.
[FINANCIALS_CARVE_OUT] BAJFINANCE (2024-03) ROCE Discrepancy: Computed=4.36%, Source=11.90%, Diff=7.54%. ROCE definitions diverge for banks/NBFCs due to deposit vs borrowing classification differences.
[FINANCIALS_CARVE_OUT] BANKBARODA (2024-03): D/E = 12.14. Standard leverage warning suppressed. High debt/leverage is structurally normal for Financials/Banking.
[DATA_SOURCE_ISSUE] BEL (2024-03) ROCE Discrepancy: Computed=4504.72%, Source=34.60%, Diff=4470.12%. Stale snapshot or standalone vs consolidated reporting mismatch in source.
[DATA_SOURCE_ISSUE] BEL (2024-03) ROE Discrepancy: Computed=4744.05%, Source=26.30%, Diff=4717.75%. Using Ratio Engine value for analytics; source retained for display only.
[FORMULA_DISCREPANCY] BHARTIARTL (2024-03) ROCE Discrepancy: Computed=25.10%, Source=13.10%, Diff=12.00%. Capital Employed calculation definition difference (Gross vs Net Capital Employed).
[FORMULA_DISCREPANCY] BOSCHLTD (2024-03) ROCE Discrepancy: Computed=30.25%, Source=20.60%, Diff=9.65%. Capital Employed calculation definition difference (Gross vs Net Capital Employed).
[VERSION_DIFFERENCE] BPCL (2024-03) ROE Discrepancy: Computed=35.51%, Source=41.90%, Diff=6.39%. Using Ratio Engine value for analytics; source retained for display only.
[FORMULA_DISCREPANCY] BRITANNIA (2024-03) ROCE Discrepancy: Computed=56.24%, Source=48.90%, Diff=7.34%. Capital Employed calculation definition difference (Gross vs Net Capital Employed).
[FINANCIALS_CARVE_OUT] CANBK (2024-03): D/E = 14.87. Standard leverage warning suppressed. High debt/leverage is structurally normal for Financials/Banking.
[FINANCIALS_CARVE_OUT] CHOLAFIN (2024-03): D/E = 6.86. Standard leverage warning suppressed. High debt/leverage is structurally normal for Financials/Banking.
[FINANCIALS_CARVE_OUT] CHOLAFIN (2024-03) ROCE Discrepancy: Computed=3.51%, Source=10.40%, Diff=6.89%. ROCE definitions diverge for banks/NBFCs due to deposit vs borrowing classification differences.
[DATA_SOURCE_ISSUE] CIPLA (2024-03) ROCE Discrepancy: Computed=71.55%, Source=22.80%, Diff=48.75%. Stale snapshot or standalone vs consolidated reporting mismatch in source.
[DATA_SOURCE_ISSUE] COALINDIA (2024-03) ROCE Discrepancy: Computed=105.75%, Source=63.60%, Diff=42.15%. Stale snapshot or standalone vs consolidated reporting mismatch in source.
[VERSION_DIFFERENCE] COALINDIA (2024-03) ROE Discrepancy: Computed=45.17%, Source=52.00%, Diff=6.83%. Using Ratio Engine value for analytics; source retained for display only.
[FORMULA_DISCREPANCY] GODREJCP (2024-03) ROCE Discrepancy: Computed=4.73%, Source=26.49%, Diff=21.76%. Capital Employed calculation definition difference (Gross vs Net Capital Employed).
[VERSION_DIFFERENCE] GODREJCP (2024-03) ROE Discrepancy: Computed=-4.45%, Source=6.77%, Diff=11.22%. Using Ratio Engine value for analytics; source retained for display only.
[DATA_SOURCE_ISSUE] HAL (2024-03) ROCE Discrepancy: Computed=3617.39%, Source=38.90%, Diff=3578.49%. Stale snapshot or standalone vs consolidated reporting mismatch in source.
[DATA_SOURCE_ISSUE] HAL (2024-03) ROE Discrepancy: Computed=3816.58%, Source=28.90%, Diff=3787.68%. Using Ratio Engine value for analytics; source retained for display only.
[FORMULA_DISCREPANCY] HCLTECH (2024-03) ROCE Discrepancy: Computed=34.71%, Source=29.60%, Diff=5.11%. Capital Employed calculation definition difference (Gross vs Net Capital Employed).
[FINANCIALS_CARVE_OUT] HDFCBANK (2024-03): D/E = 6.81. Standard leverage warning suppressed. High debt/leverage is structurally normal for Financials/Banking.
[FINANCIALS_CARVE_OUT] HDFCLIFE (2024-03): D/E = 0.06. Standard leverage warning suppressed. High debt/leverage is structurally normal for Financials/Banking.
[FINANCIALS_CARVE_OUT] HDFCLIFE (2024-03) ROCE Discrepancy: Computed=646.47%, Source=6.61%, Diff=639.86%. ROCE definitions diverge for banks/NBFCs due to deposit vs borrowing classification differences.
[DATA_SOURCE_ISSUE] HEROMOTOCO (2024-03) ROCE Discrepancy: Computed=177.92%, Source=29.10%, Diff=148.82%. Stale snapshot or standalone vs consolidated reporting mismatch in source.
[DATA_SOURCE_ISSUE] HINDALCO (2024-03) ROCE Discrepancy: Computed=118.21%, Source=11.30%, Diff=106.91%. Stale snapshot or standalone vs consolidated reporting mismatch in source.
[DATA_SOURCE_ISSUE] HINDUNILVR (2024-03) ROCE Discrepancy: Computed=89.68%, Source=27.20%, Diff=62.48%. Stale snapshot or standalone vs consolidated reporting mismatch in source.
[FINANCIALS_CARVE_OUT] ICICIBANK (2024-03): D/E = 6.45. Standard leverage warning suppressed. High debt/leverage is structurally normal for Financials/Banking.
[FINANCIALS_CARVE_OUT] ICICIGI (2024-03): D/E = 0.00. Standard leverage warning suppressed. High debt/leverage is structurally normal for Financials/Banking.
[FINANCIALS_CARVE_OUT] ICICIGI (2024-03) ROCE Discrepancy: Computed=146.43%, Source=22.50%, Diff=123.93%. ROCE definitions diverge for banks/NBFCs due to deposit vs borrowing classification differences.
[FINANCIALS_CARVE_OUT] ICICIPRULI (2024-03): D/E = 0.11. Standard leverage warning suppressed. High debt/leverage is structurally normal for Financials/Banking.
[FINANCIALS_CARVE_OUT] ICICIPRULI (2024-03) ROCE Discrepancy: Computed=754.89%, Source=8.75%, Diff=746.14%. ROCE definitions diverge for banks/NBFCs due to deposit vs borrowing classification differences.
[DATA_SOURCE_ISSUE] INDIGO (2024-03) ROCE Discrepancy: Computed=5643.45%, Source=24.50%, Diff=5618.95%. Stale snapshot or standalone vs consolidated reporting mismatch in source.
[FINANCIALS_CARVE_OUT] INDUSINDBK (2024-03): D/E = 6.89. Standard leverage warning suppressed. High debt/leverage is structurally normal for Financials/Banking.
[FORMULA_DISCREPANCY] IRCTC (2024-03) ROCE Discrepancy: Computed=47.78%, Source=53.80%, Diff=6.02%. Capital Employed calculation definition difference (Gross vs Net Capital Employed).
[VERSION_DIFFERENCE] IRCTC (2024-03) ROE Discrepancy: Computed=34.40%, Source=40.40%, Diff=6.00%. Using Ratio Engine value for analytics; source retained for display only.
[FINANCIALS_CARVE_OUT] IRFC (2024-03): D/E = 8.38. Standard leverage warning suppressed. High debt/leverage is structurally normal for Financials/Banking.
[FINANCIALS_CARVE_OUT] JIOFIN (2024-03): D/E = 0.00. Standard leverage warning suppressed. High debt/leverage is structurally normal for Financials/Banking.
[FINANCIALS_CARVE_OUT] KOTAKBANK (2024-03): D/E = 4.00. Standard leverage warning suppressed. High debt/leverage is structurally normal for Financials/Banking.
[FINANCIALS_CARVE_OUT] LICI (2024-03): D/E = 0.00. Standard leverage warning suppressed. High debt/leverage is structurally normal for Financials/Banking.
[FINANCIALS_CARVE_OUT] LICI (2024-03) ROCE Discrepancy: Computed=57.53%, Source=63.79%, Diff=6.26%. ROCE definitions diverge for banks/NBFCs due to deposit vs borrowing classification differences.
[VERSION_DIFFERENCE] LICI (2024-03) ROE Discrepancy: Computed=49.45%, Source=63.61%, Diff=14.16%. Using Ratio Engine value for analytics; source retained for display only.
[DATA_SOURCE_ISSUE] LT (2024-03) ROCE Discrepancy: Computed=152.62%, Source=17.18%, Diff=135.44%. Stale snapshot or standalone vs consolidated reporting mismatch in source.
[DATA_SOURCE_ISSUE] LT (2024-03) ROE Discrepancy: Computed=77.67%, Source=10.49%, Diff=67.18%. Using Ratio Engine value for analytics; source retained for display only.
[FORMULA_DISCREPANCY] M&M (2024-03) ROCE Discrepancy: Computed=16.12%, Source=26.98%, Diff=10.86%. Capital Employed calculation definition difference (Gross vs Net Capital Employed).
[FORMULA_DISCREPANCY] MOTHERSON (2024-03) ROCE Discrepancy: Computed=20.54%, Source=13.70%, Diff=6.84%. Capital Employed calculation definition difference (Gross vs Net Capital Employed).
[FORMULA_DISCREPANCY] NESTLEIND (2024-03) ROCE Discrepancy: Computed=162.06%, Source=185.43%, Diff=23.37%. Capital Employed calculation definition difference (Gross vs Net Capital Employed).
[VERSION_DIFFERENCE] NESTLEIND (2024-03) ROE Discrepancy: Computed=117.75%, Source=135.61%, Diff=17.86%. Using Ratio Engine value for analytics; source retained for display only.
[FINANCIALS_CARVE_OUT] PFC (2024-03): D/E = 8.52. Standard leverage warning suppressed. High debt/leverage is structurally normal for Financials/Banking.
[FINANCIALS_CARVE_OUT] PFC (2024-03) ROCE Discrepancy: Computed=3.49%, Source=9.96%, Diff=6.47%. ROCE definitions diverge for banks/NBFCs due to deposit vs borrowing classification differences.
[VERSION_DIFFERENCE] PFC (2024-03) ROE Discrepancy: Computed=26.16%, Source=19.49%, Diff=6.67%. Using Ratio Engine value for analytics; source retained for display only.
[FINANCIALS_CARVE_OUT] PNB (2024-03): D/E = 3.68. Standard leverage warning suppressed. High debt/leverage is structurally normal for Financials/Banking.
[FINANCIALS_CARVE_OUT] PNB (2024-03) ROCE Discrepancy: Computed=20.24%, Source=1.63%, Diff=18.61%. ROCE definitions diverge for banks/NBFCs due to deposit vs borrowing classification differences.
[DATA_SOURCE_ISSUE] PNB (2024-03) ROE Discrepancy: Computed=61.32%, Source=8.70%, Diff=52.62%. Using Ratio Engine value for analytics; source retained for display only.
[FORMULA_DISCREPANCY] POWERGRID (2024-03) ROCE Discrepancy: Computed=19.17%, Source=13.20%, Diff=5.97%. Capital Employed calculation definition difference (Gross vs Net Capital Employed).
[FINANCIALS_CARVE_OUT] RECLTD (2024-03): D/E = 6.42. Standard leverage warning suppressed. High debt/leverage is structurally normal for Financials/Banking.
[FINANCIALS_CARVE_OUT] SBILIFE (2024-03): D/E = 0.00. Standard leverage warning suppressed. High debt/leverage is structurally normal for Financials/Banking.
[FORMULA_DISCREPANCY] SHREECEM (2024-03) ROCE Discrepancy: Computed=22.88%, Source=14.80%, Diff=8.08%. Capital Employed calculation definition difference (Gross vs Net Capital Employed).
[FINANCIALS_CARVE_OUT] SHRIRAMFIN (2024-03): D/E = 3.99. Standard leverage warning suppressed. High debt/leverage is structurally normal for Financials/Banking.
[FINANCIALS_CARVE_OUT] SHRIRAMFIN (2024-03) ROCE Discrepancy: Computed=4.32%, Source=11.30%, Diff=6.98%. ROCE definitions diverge for banks/NBFCs due to deposit vs borrowing classification differences.
[FORMULA_DISCREPANCY] TATAMOTORS (2024-03) ROCE Discrepancy: Computed=33.93%, Source=20.10%, Diff=13.83%. Capital Employed calculation definition difference (Gross vs Net Capital Employed).
[VERSION_DIFFERENCE] TATAMOTORS (2024-03) ROE Discrepancy: Computed=37.46%, Source=49.40%, Diff=11.94%. Using Ratio Engine value for analytics; source retained for display only.
[FORMULA_DISCREPANCY] TATAPOWER (2024-03) ROCE Discrepancy: Computed=16.45%, Source=11.10%, Diff=5.35%. Capital Employed calculation definition difference (Gross vs Net Capital Employed).
[VERSION_DIFFERENCE] TATASTEEL (2024-03) ROE Discrepancy: Computed=-5.33%, Source=6.55%, Diff=11.88%. Using Ratio Engine value for analytics; source retained for display only.
[DATA_SOURCE_ISSUE] TCS (2024-03) ROE Scaling Anomaly: Computed=50.94%, Source=0.52. Source stored as decimal fraction instead of percentage. Ratio Engine value (50.94%) retained for analytics.
[FORMULA_DISCREPANCY] TECHM (2024-03) ROCE Discrepancy: Computed=18.60%, Source=11.90%, Diff=6.70%. Capital Employed calculation definition difference (Gross vs Net Capital Employed).
[FORMULA_DISCREPANCY] TORNTPHARM (2024-03) ROCE Discrepancy: Computed=32.30%, Source=23.20%, Diff=9.10%. Capital Employed calculation definition difference (Gross vs Net Capital Employed).
[DATA_SOURCE_ISSUE] TRENT (2024-03) ROCE Discrepancy: Computed=50.85%, Source=23.80%, Diff=27.05%. Stale snapshot or standalone vs consolidated reporting mismatch in source.
[VERSION_DIFFERENCE] TRENT (2024-03) ROE Discrepancy: Computed=36.31%, Source=27.20%, Diff=9.11%. Using Ratio Engine value for analytics; source retained for display only.

--------------------------------------------------------------------------------
[DATA_SOURCE_ISSUE] Dataset Coverage Audit: 1,055 total company-year records populated across 91 constituents.
45-row delta against 1,100 benchmark is attributable to newer listings and historical filing boundaries in source tables.
--------------------------------------------------------------------------------